1,SET user:1=Janez
2,GET user:2
3,GET user:3
4,DELETE user:1