1,SELECT * FROM users,true
2,INVALID QUERY SYNTAX,false,Syntax error in query
3,INVALID QUERY SYNTAX,false,Syntax error in query
4,INVALID QUERY SYNTAX,false,Syntax error in query